
пользователь@IRBIS-NB31 MINGW32 ~/Desktop/newRepoFirst
$ cd C:\Users\пользователь\Desktop\newRepoFirst
bash: cd: C:UsersпользовательDesktopnewRepoFirst: No such file or directory

пользователь@IRBIS-NB31 MINGW32 ~/Desktop/newRepoFirst
$ git init
Initialized empty Git repository in C:/Users/пользователь/Desktop/newRepoFirst/.git/

пользователь@IRBIS-NB31 MINGW32 ~/Desktop/newRepoFirst (master)
$ git status
On branch master

No commits yet

Untracked files:
  (use "git add <file>..." to include in what will be committed)

        newDocument.txt

nothing added to commit but untracked files present (use "git add" to track)

пользователь@IRBIS-NB31 MINGW32 ~/Desktop/newRepoFirst (master)
$ git add
Nothing specified, nothing added.
Maybe you wanted to say 'git add .'?

пользователь@IRBIS-NB31 MINGW32 ~/Desktop/newRepoFirst (master)
$ git add .

пользователь@IRBIS-NB31 MINGW32 ~/Desktop/newRepoFirst (master)
$ git status
On branch master

No commits yet

Changes to be committed:
  (use "git rm --cached <file>..." to unstage)

        new file:   newDocument.txt


пользователь@IRBIS-NB31 MINGW32 ~/Desktop/newRepoFirst (master)
